choice: 44349 training and 9216 validation records, H0 validation 3.087731
    iter   1  train 1.241734  validation 1.181170
    iter   2  train 0.848274  validation 0.809897
    iter   3  train 0.739536  validation 0.711858
    iter   4  train 0.729573  validation 0.704778
    iter   5  train 0.728436  validation 0.704587
    iter   6  train 0.728278  validation 0.704567
    iter   7  train 0.728218  validation 0.704415
    iter   8  train 0.728216  validation 0.704355
    iter   9  train 0.728216  validation 0.704353
  H1: 9 iterations, train 0.728216, validation 0.704353, temperature 7.9898, c 0.0000
  H2 lambda 0.0001
    iter   1  train 0.727364  validation 0.703637
    iter   2  train 0.726267  validation 0.702759
    iter   3  train 0.725641  validation 0.702324
    iter   4  train 0.725262  validation 0.701888
    iter   5  train 0.722493  validation 0.698141
    iter   6  train 0.720754  validation 0.695152
    iter   7  train 0.718541  validation 0.692092
    iter   8  train 0.716198  validation 0.688510
    iter   9  train 0.714748  validation 0.686375
    iter  10  train 0.709883  validation 0.679481
    iter  11  train 0.704978  validation 0.672984
    iter  12  train 0.701802  validation 0.667556
    iter  13  train 0.698702  validation 0.665490
    iter  14  train 0.698129  validation 0.665715
    iter  15  train 0.696287  validation 0.664462
    iter  16  train 0.690090  validation 0.659904
    iter  17  train 0.683413  validation 0.654143
    iter  18  train 0.678346  validation 0.649150
    iter  19  train 0.670472  validation 0.641872
    iter  20  train 0.668889  validation 0.640124
    iter  21  train 0.668561  validation 0.639495
    iter  22  train 0.667998  validation 0.639056
    iter  23  train 0.666984  validation 0.638679
    iter  24  train 0.666251  validation 0.638355
    iter  25  train 0.664777  validation 0.637723
    iter  26  train 0.663498  validation 0.636958
    iter  27  train 0.661476  validation 0.635388
    iter  28  train 0.660529  validation 0.633595
    iter  29  train 0.658767  validation 0.631883
    iter  30  train 0.658508  validation 0.631346
    iter  31  train 0.658363  validation 0.631006
    iter  32  train 0.658001  validation 0.630346
    iter  33  train 0.657733  validation 0.629890
    iter  34  train 0.656890  validation 0.628864
    iter  35  train 0.655203  validation 0.627267
    iter  36  train 0.654096  validation 0.626573
    iter  37  train 0.652750  validation 0.626334
    iter  38  train 0.651783  validation 0.625845
    iter  39  train 0.651056  validation 0.625133
    iter  40  train 0.649963  validation 0.623979
    iter  41  train 0.649015  validation 0.622972
    iter  42  train 0.648182  validation 0.621858
    iter  43  train 0.646403  validation 0.619214
    iter  44  train 0.644937  validation 0.617302
    iter  45  train 0.643712  validation 0.615080
    iter  46  train 0.643134  validation 0.614775
    iter  47  train 0.642849  validation 0.614646
    iter  48  train 0.641794  validation 0.613240
    iter  49  train 0.640851  validation 0.612230
    iter  50  train 0.639873  validation 0.610964
    iter  51  train 0.638102  validation 0.608964
    iter  52  train 0.637717  validation 0.608410
    iter  53  train 0.636103  validation 0.606865
    iter  54  train 0.635486  validation 0.606494
    iter  55  train 0.635140  validation 0.606358
    iter  56  train 0.634954  validation 0.606595
    iter  57  train 0.634532  validation 0.606359
    iter  58  train 0.634117  validation 0.606184
    iter  59  train 0.633740  validation 0.606077
    iter  60  train 0.633231  validation 0.605864
    iter  61  train 0.632028  validation 0.605239
    iter  62  train 0.631016  validation 0.604133
    iter  63  train 0.630535  validation 0.604166
    iter  64  train 0.630486  validation 0.604065
    iter  65  train 0.629922  validation 0.603079
    iter  66  train 0.629763  validation 0.602734
    iter  67  train 0.629298  validation 0.601946
    iter  68  train 0.628550  validation 0.600668
    iter  69  train 0.627709  validation 0.599498
    iter  70  train 0.626827  validation 0.598843
    iter  71  train 0.625844  validation 0.598444
    iter  72  train 0.625226  validation 0.597945
    iter  73  train 0.623859  validation 0.596595
    iter  74  train 0.623240  validation 0.595922
    iter  75  train 0.623140  validation 0.596124
    iter  76  train 0.622294  validation 0.595297
    iter  77  train 0.622104  validation 0.595158
    iter  78  train 0.621975  validation 0.595072
    iter  79  train 0.621542  validation 0.594749
    iter  80  train 0.621161  validation 0.594648
    iter  81  train 0.620369  validation 0.594004
    iter  82  train 0.619670  validation 0.593294
    iter  83  train 0.618674  validation 0.592485
    iter  84  train 0.618066  validation 0.591359
    iter  85  train 0.617171  validation 0.590784
    iter  86  train 0.616359  validation 0.590322
    iter  87  train 0.615839  validation 0.589923
    iter  88  train 0.615637  validation 0.589699
    iter  89  train 0.615313  validation 0.589607
    iter  90  train 0.614770  validation 0.589725
    iter  91  train 0.614142  validation 0.590030
    iter  92  train 0.614010  validation 0.590276
    iter  93  train 0.613612  validation 0.590455
    iter  94  train 0.613281  validation 0.590421
    iter  95  train 0.612874  validation 0.590247
    iter  96  train 0.612328  validation 0.590059
    iter  97  train 0.611907  validation 0.590067
    iter  98  train 0.611657  validation 0.589702
    iter  99  train 0.611396  validation 0.589399
    iter 100  train 0.611246  validation 0.589294
    iter 101  train 0.610980  validation 0.589254
    iter 102  train 0.610614  validation 0.589169
    iter 103  train 0.609747  validation 0.588732
    iter 104  train 0.609531  validation 0.588558
    iter 105  train 0.608530  validation 0.587563
    iter 106  train 0.608062  validation 0.586838
    iter 107  train 0.607716  validation 0.586131
    iter 108  train 0.606976  validation 0.585120
    iter 109  train 0.606840  validation 0.584702
    iter 110  train 0.606309  validation 0.584160
    iter 111  train 0.606051  validation 0.583956
    iter 112  train 0.605557  validation 0.583605
    iter 113  train 0.604980  validation 0.583325
    iter 114  train 0.604769  validation 0.582844
    iter 115  train 0.604755  validation 0.584121
    iter 116  train 0.604131  validation 0.583330
    iter 117  train 0.603991  validation 0.582976
    iter 118  train 0.603954  validation 0.582958
    iter 119  train 0.603733  validation 0.582898
    iter 120  train 0.603510  validation 0.582838
    iter 121  train 0.602958  validation 0.582646
    iter 122  train 0.602329  validation 0.582292
    iter 123  train 0.601837  validation 0.582593
    iter 124  train 0.601411  validation 0.582081
    iter 125  train 0.601153  validation 0.581803
    iter 126  train 0.600938  validation 0.581693
    iter 127  train 0.600696  validation 0.582170
    iter 128  train 0.600277  validation 0.581886
    iter 129  train 0.599913  validation 0.581803
    iter 130  train 0.599644  validation 0.581853
    iter 131  train 0.599220  validation 0.581672
    iter 132  train 0.598738  validation 0.581852
    iter 133  train 0.598284  validation 0.581180
    iter 134  train 0.598109  validation 0.580881
    iter 135  train 0.597507  validation 0.580609
    iter 136  train 0.596872  validation 0.579915
    iter 137  train 0.596569  validation 0.579950
    iter 138  train 0.596184  validation 0.580260
    iter 139  train 0.596162  validation 0.580266
    iter 140  train 0.595671  validation 0.579859
    iter 141  train 0.595518  validation 0.579664
    iter 142  train 0.595359  validation 0.579404
    iter 143  train 0.595061  validation 0.578974
    iter 144  train 0.594236  validation 0.577695
    iter 145  train 0.593724  validation 0.577123
    iter 146  train 0.593182  validation 0.576735
    iter 147  train 0.592852  validation 0.576542
    iter 148  train 0.592609  validation 0.576189
    iter 149  train 0.592311  validation 0.575950
    iter 150  train 0.592072  validation 0.575700
    iter 151  train 0.591485  validation 0.575409
    iter 152  train 0.591072  validation 0.575962
    iter 153  train 0.590588  validation 0.575565
    iter 154  train 0.590398  validation 0.575568
    iter 155  train 0.589974  validation 0.575475
    iter 156  train 0.589740  validation 0.575554
    iter 157  train 0.589416  validation 0.575266
    iter 158  train 0.589301  validation 0.575087
    iter 159  train 0.589031  validation 0.574790
    iter 160  train 0.588685  validation 0.574455
    iter 161  train 0.588486  validation 0.575041
    iter 162  train 0.588132  validation 0.574513
    iter 163  train 0.587952  validation 0.574469
    iter 164  train 0.587397  validation 0.574399
    iter 165  train 0.587077  validation 0.575029
    iter 166  train 0.586346  validation 0.574848
    iter 167  train 0.585828  validation 0.574864
    iter 168  train 0.585572  validation 0.574728
    iter 169  train 0.585466  validation 0.574774
    iter 170  train 0.585296  validation 0.574506
    iter 171  train 0.585032  validation 0.574156
    iter 172  train 0.584888  validation 0.574021
    iter 173  train 0.584538  validation 0.573485
    iter 174  train 0.584383  validation 0.573887
    iter 175  train 0.584043  validation 0.573348
    iter 176  train 0.583778  validation 0.573168
    iter 177  train 0.583599  validation 0.572711
    iter 178  train 0.583393  validation 0.572573
    iter 179  train 0.583225  validation 0.572337
    iter 180  train 0.583145  validation 0.572135
    iter 181  train 0.583082  validation 0.571979
    iter 182  train 0.583022  validation 0.571756
    iter 183  train 0.582948  validation 0.571738
    iter 184  train 0.582713  validation 0.571874
    iter 185  train 0.582594  validation 0.571959
    iter 186  train 0.582158  validation 0.571595
    iter 187  train 0.582006  validation 0.571939
    iter 188  train 0.581894  validation 0.571701
    iter 189  train 0.581814  validation 0.571528
    iter 190  train 0.581722  validation 0.571422
    iter 191  train 0.581471  validation 0.571513
    iter 192  train 0.581186  validation 0.571275
    iter 193  train 0.580878  validation 0.571266
    iter 194  train 0.580686  validation 0.571563
    iter 195  train 0.580333  validation 0.571361
    iter 196  train 0.579977  validation 0.571036
    iter 197  train 0.579642  validation 0.570500
    iter 198  train 0.579595  validation 0.570585
    iter 199  train 0.579276  validation 0.569825
    iter 200  train 0.579171  validation 0.569521
    iter 201  train 0.579037  validation 0.569152
    iter 202  train 0.578847  validation 0.568689
    iter 203  train 0.578766  validation 0.568436
    iter 204  train 0.578365  validation 0.567779
    iter 205  train 0.578269  validation 0.567744
    iter 206  train 0.578154  validation 0.567683
    iter 207  train 0.578140  validation 0.567422
    iter 208  train 0.577975  validation 0.567455
    iter 209  train 0.577863  validation 0.567440
    iter 210  train 0.577747  validation 0.567378
    iter 211  train 0.577635  validation 0.567311
    iter 212  train 0.577509  validation 0.567109
    iter 213  train 0.577196  validation 0.566884
    iter 214  train 0.576730  validation 0.566517
    iter 215  train 0.576375  validation 0.566266
    iter 216  train 0.576208  validation 0.566006
    iter 217  train 0.575903  validation 0.565912
    iter 218  train 0.575774  validation 0.565783
    iter 219  train 0.575623  validation 0.565641
    iter 220  train 0.575483  validation 0.565545
    iter 221  train 0.575478  validation 0.566020
    iter 222  train 0.575122  validation 0.565511
    iter 223  train 0.575042  validation 0.565436
    iter 224  train 0.574782  validation 0.565181
    iter 225  train 0.574761  validation 0.565474
    iter 226  train 0.574409  validation 0.565024
    iter 227  train 0.574232  validation 0.564882
    iter 228  train 0.574087  validation 0.564879
    iter 229  train 0.573892  validation 0.564898
    iter 230  train 0.573524  validation 0.565149
    iter 231  train 0.573060  validation 0.565154
    iter 232  train 0.572401  validation 0.565031
    iter 233  train 0.571988  validation 0.564574
    iter 234  train 0.571778  validation 0.564555
    iter 235  train 0.571368  validation 0.563700
    iter 236  train 0.571131  validation 0.563311
    iter 237  train 0.570808  validation 0.562888
    iter 238  train 0.570753  validation 0.562871
    iter 239  train 0.570558  validation 0.562723
    iter 240  train 0.570385  validation 0.562677
    iter 241  train 0.570308  validation 0.562665
    iter 242  train 0.570200  validation 0.562597
    iter 243  train 0.570138  validation 0.562525
    iter 244  train 0.569840  validation 0.562262
    iter 245  train 0.569703  validation 0.562133
    iter 246  train 0.569498  validation 0.561962
    iter 247  train 0.569152  validation 0.561802
    iter 248  train 0.568451  validation 0.561714
    iter 249  train 0.568253  validation 0.562130
    iter 250  train 0.567811  validation 0.561934
    iter 251  train 0.567631  validation 0.561931
    iter 252  train 0.567514  validation 0.562084
    iter 253  train 0.567315  validation 0.562110
    iter 254  train 0.567103  validation 0.562179
    iter 255  train 0.566973  validation 0.562199
    iter 256  train 0.566851  validation 0.562175
    iter 257  train 0.566697  validation 0.562121
    iter 258  train 0.566558  validation 0.561950
    iter 259  train 0.566271  validation 0.561585
    iter 260  train 0.566081  validation 0.561478
    iter 261  train 0.565925  validation 0.561399
    iter 262  train 0.565768  validation 0.561264
    iter 263  train 0.565622  validation 0.561134
    iter 264  train 0.565468  validation 0.560907
    iter 265  train 0.565312  validation 0.560693
    iter 266  train 0.565182  validation 0.560591
    iter 267  train 0.565088  validation 0.560716
    iter 268  train 0.565048  validation 0.560741
    iter 269  train 0.564963  validation 0.560636
    iter 270  train 0.564924  validation 0.560635
    iter 271  train 0.564837  validation 0.560678
    iter 272  train 0.564732  validation 0.560677
    iter 273  train 0.564528  validation 0.560577
    iter 274  train 0.564338  validation 0.560380
    iter 275  train 0.564178  validation 0.560127
    iter 276  train 0.564075  validation 0.559849
    iter 277  train 0.564006  validation 0.559732
    iter 278  train 0.563791  validation 0.559385
    iter 279  train 0.563669  validation 0.559247
    iter 280  train 0.563532  validation 0.559218
    iter 281  train 0.563417  validation 0.559061
    iter 282  train 0.563298  validation 0.559011
    iter 283  train 0.563224  validation 0.558987
    iter 284  train 0.563174  validation 0.558948
    iter 285  train 0.563014  validation 0.558813
    iter 286  train 0.562968  validation 0.558869
    iter 287  train 0.562813  validation 0.558711
    iter 288  train 0.562685  validation 0.558669
    iter 289  train 0.562522  validation 0.558782
    iter 290  train 0.562371  validation 0.558938
    iter 291  train 0.562108  validation 0.559205
    iter 292  train 0.561778  validation 0.559502
    iter 293  train 0.561648  validation 0.559712
    iter 294  train 0.561341  validation 0.559629
    iter 295  train 0.561091  validation 0.559438
    iter 296  train 0.560901  validation 0.559344
    iter 297  train 0.560562  validation 0.559312
    iter 298  train 0.560198  validation 0.559306
    iter 299  train 0.560056  validation 0.559342
    iter 300  train 0.559947  validation 0.559302
    iter 301  train 0.559906  validation 0.559352
    iter 302  train 0.559849  validation 0.559372
    iter 303  train 0.559645  validation 0.559476
    iter 304  train 0.559480  validation 0.559382
    iter 305  train 0.559216  validation 0.559176
    iter 306  train 0.559008  validation 0.558773
    iter 307  train 0.558662  validation 0.558342
    iter 308  train 0.558521  validation 0.558312
    iter 309  train 0.558495  validation 0.558416
    iter 310  train 0.558442  validation 0.558658
    iter 311  train 0.558375  validation 0.558900
    iter 312  train 0.558274  validation 0.559105
    iter 313  train 0.558030  validation 0.559522
    iter 314  train 0.557831  validation 0.559715
    iter 315  train 0.557512  validation 0.559818
    iter 316  train 0.557511  validation 0.560131
    iter 317  train 0.556951  validation 0.559549
    iter 318  train 0.556789  validation 0.559297
    iter 319  train 0.556548  validation 0.559064
    iter 320  train 0.556503  validation 0.559335
    iter 321  train 0.556353  validation 0.559218
    iter 322  train 0.556303  validation 0.559235
    iter 323  train 0.556243  validation 0.559405
    iter 324  train 0.556221  validation 0.559508
    iter 325  train 0.556152  validation 0.559484
    iter 326  train 0.556044  validation 0.559449
    iter 327  train 0.555861  validation 0.559347
    iter 328  train 0.555620  validation 0.559110
  H2 lambda 0.001
    iter   1  train 0.727364  validation 0.703637
    iter   2  train 0.726267  validation 0.702759
    iter   3  train 0.725643  validation 0.702324
    iter   4  train 0.725264  validation 0.701888
    iter   5  train 0.722503  validation 0.698140
    iter   6  train 0.720782  validation 0.695155
    iter   7  train 0.718588  validation 0.692117
    iter   8  train 0.716285  validation 0.688573
    iter   9  train 0.714868  validation 0.686467
    iter  10  train 0.710062  validation 0.679566
    iter  11  train 0.705240  validation 0.673055
    iter  12  train 0.702089  validation 0.667539
    iter  13  train 0.699146  validation 0.665599
    iter  14  train 0.698593  validation 0.665876
    iter  15  train 0.696933  validation 0.664782
    iter  16  train 0.691205  validation 0.660601
    iter  17  train 0.685027  validation 0.655073
    iter  18  train 0.679197  validation 0.648508
    iter  19  train 0.672906  validation 0.642244
    iter  20  train 0.671149  validation 0.640274
  H2 lambda 0.01
    iter   1  train 0.727366  validation 0.703637
    iter   2  train 0.726274  validation 0.702759
    iter   3  train 0.725660  validation 0.702324
    iter   4  train 0.725288  validation 0.701889
    iter   5  train 0.722598  validation 0.698128
    iter   6  train 0.721054  validation 0.695197
    iter   7  train 0.719029  validation 0.692370
    iter   8  train 0.717084  validation 0.689192
    iter   9  train 0.715930  validation 0.687338
    iter  10  train 0.711716  validation 0.680589
    iter  11  train 0.707627  validation 0.674110
    iter  12  train 0.704826  validation 0.668328
    iter  13  train 0.702989  validation 0.667165
    iter  14  train 0.702587  validation 0.667742
    iter  15  train 0.701817  validation 0.667481
    iter  16  train 0.699005  validation 0.665889
    iter  17  train 0.695675  validation 0.662504
    iter  18  train 0.691024  validation 0.655625
    iter  19  train 0.689737  validation 0.651204
    iter  20  train 0.686049  validation 0.644594
  H2 lambda 0.1
    iter   1  train 0.727388  validation 0.703637
    iter   2  train 0.726335  validation 0.702759
    iter   3  train 0.725823  validation 0.702330
    iter   4  train 0.725506  validation 0.701912
    iter   5  train 0.723445  validation 0.698231
    iter   6  train 0.723253  validation 0.695912
    iter   7  train 0.721739  validation 0.694498
    iter   8  train 0.721236  validation 0.693615
    iter   9  train 0.720788  validation 0.692524
    iter  10  train 0.719982  validation 0.690516
    iter  11  train 0.718685  validation 0.687045
    iter  12  train 0.717687  validation 0.684301
    iter  13  train 0.717447  validation 0.683476
    iter  14  train 0.717363  validation 0.683817
    iter  15  train 0.717234  validation 0.684124
    iter  16  train 0.716980  validation 0.684252
    iter  17  train 0.716451  validation 0.683703
    iter  18  train 0.715620  validation 0.681575
    iter  19  train 0.715289  validation 0.680557
    iter  20  train 0.714707  validation 0.677532
  H2: validation 0.558312 at lambda 0.0001
  choice: probability sd 0.3488 on validation, temperature 2.9337
bool: 0 training and 0 validation records; the head stays the identity
score: 0 training and 0 validation records; the head stays the identity
