choice: 15804 training and 3383 validation records, H0 validation 4.841346
    iter   1  train 1.742176  validation 1.854104
    iter   2  train 1.120585  validation 1.188332
    iter   3  train 0.920649  validation 0.963155
    iter   4  train 0.916932  validation 0.956639
    iter   5  train 0.916643  validation 0.955827
    iter   6  train 0.916218  validation 0.954877
    iter   7  train 0.915507  validation 0.953687
    iter   8  train 0.914768  validation 0.953086
    iter   9  train 0.914144  validation 0.953005
    iter  10  train 0.913828  validation 0.953241
    iter  11  train 0.913704  validation 0.953295
    iter  12  train 0.913620  validation 0.953070
    iter  13  train 0.913608  validation 0.953005
    iter  14  train 0.913599  validation 0.952976
    iter  15  train 0.913582  validation 0.952962
    iter  16  train 0.913579  validation 0.952935
    iter  17  train 0.913579  validation 0.952957
    iter  18  train 0.913578  validation 0.952950
    iter  19  train 0.913578  validation 0.952944
    iter  20  train 0.913578  validation 0.952941
    iter  21  train 0.913578  validation 0.952940
    iter  22  train 0.913578  validation 0.952938
    iter  23  train 0.913578  validation 0.952937
    iter  24  train 0.913578  validation 0.952928
    iter  25  train 0.913578  validation 0.952934
    iter  26  train 0.913577  validation 0.952937
    iter  27  train 0.913577  validation 0.952937
    iter  28  train 0.913577  validation 0.952933
    iter  29  train 0.913577  validation 0.952934
    iter  30  train 0.913577  validation 0.952936
    iter  31  train 0.913577  validation 0.952936
    iter  32  train 0.913577  validation 0.952936
    iter  33  train 0.913577  validation 0.952933
    iter  34  train 0.913577  validation 0.952934
  H1: 34 iterations, train 0.913577, validation 0.952934, temperature 8.1790, c 0.0000
  H2 lambda 0.0001
    iter   1  train 0.908741  validation 0.951411
    iter   2  train 0.903618  validation 0.947234
    iter   3  train 0.903304  validation 0.947009
    iter   4  train 0.902505  validation 0.946544
    iter   5  train 0.901290  validation 0.946027
    iter   6  train 0.898927  validation 0.946299
    iter   7  train 0.896595  validation 0.946854
    iter   8  train 0.894669  validation 0.945780
    iter   9  train 0.892921  validation 0.944758
    iter  10  train 0.891639  validation 0.943512
    iter  11  train 0.888010  validation 0.940035
    iter  12  train 0.886272  validation 0.937692
    iter  13  train 0.884684  validation 0.935915
    iter  14  train 0.883686  validation 0.934919
    iter  15  train 0.882995  validation 0.934481
    iter  16  train 0.880372  validation 0.933255
    iter  17  train 0.876784  validation 0.932191
    iter  18  train 0.875502  validation 0.933674
    iter  19  train 0.871491  validation 0.931908
    iter  20  train 0.870468  validation 0.931278
    iter  21  train 0.869780  validation 0.930809
    iter  22  train 0.868422  validation 0.929754
    iter  23  train 0.865663  validation 0.927330
    iter  24  train 0.863815  validation 0.927097
    iter  25  train 0.860946  validation 0.923507
    iter  26  train 0.860092  validation 0.922809
    iter  27  train 0.859559  validation 0.922482
    iter  28  train 0.858221  validation 0.921711
    iter  29  train 0.856391  validation 0.920589
    iter  30  train 0.855828  validation 0.920677
    iter  31  train 0.853580  validation 0.918561
    iter  32  train 0.852516  validation 0.917409
    iter  33  train 0.851693  validation 0.916528
    iter  34  train 0.849839  validation 0.915071
    iter  35  train 0.847920  validation 0.914708
    iter  36  train 0.847580  validation 0.915901
    iter  37  train 0.846233  validation 0.913665
    iter  38  train 0.845844  validation 0.913097
    iter  39  train 0.844901  validation 0.911609
    iter  40  train 0.843356  validation 0.909218
    iter  41  train 0.842041  validation 0.905788
    iter  42  train 0.840409  validation 0.904132
    iter  43  train 0.839826  validation 0.903864
    iter  44  train 0.839483  validation 0.903632
    iter  45  train 0.839082  validation 0.903393
    iter  46  train 0.837834  validation 0.902538
    iter  47  train 0.836089  validation 0.901829
    iter  48  train 0.833970  validation 0.901565
    iter  49  train 0.833603  validation 0.901394
    iter  50  train 0.833069  validation 0.900954
    iter  51  train 0.832592  validation 0.900441
    iter  52  train 0.831186  validation 0.898762
    iter  53  train 0.829192  validation 0.896577
    iter  54  train 0.827564  validation 0.893953
    iter  55  train 0.825757  validation 0.892515
    iter  56  train 0.824914  validation 0.891902
    iter  57  train 0.824086  validation 0.891417
    iter  58  train 0.821844  validation 0.890938
    iter  59  train 0.821551  validation 0.893498
    iter  60  train 0.819915  validation 0.891017
    iter  61  train 0.819513  validation 0.890673
    iter  62  train 0.819068  validation 0.890601
    iter  63  train 0.818327  validation 0.890294
    iter  64  train 0.817150  validation 0.891265
    iter  65  train 0.815540  validation 0.889935
    iter  66  train 0.813932  validation 0.888974
    iter  67  train 0.813212  validation 0.889101
    iter  68  train 0.812883  validation 0.889640
    iter  69  train 0.811822  validation 0.889308
    iter  70  train 0.811076  validation 0.889368
    iter  71  train 0.809803  validation 0.889696
    iter  72  train 0.807967  validation 0.890365
    iter  73  train 0.807331  validation 0.890386
    iter  74  train 0.805664  validation 0.890694
    iter  75  train 0.804862  validation 0.890489
    iter  76  train 0.804465  validation 0.890036
    iter  77  train 0.803779  validation 0.889126
    iter  78  train 0.802324  validation 0.887646
    iter  79  train 0.800471  validation 0.884858
    iter  80  train 0.798975  validation 0.883391
    iter  81  train 0.797785  validation 0.882454
    iter  82  train 0.797219  validation 0.882110
    iter  83  train 0.796399  validation 0.884408
    iter  84  train 0.794623  validation 0.882319
    iter  85  train 0.792798  validation 0.881218
    iter  86  train 0.791311  validation 0.881470
    iter  87  train 0.791073  validation 0.882051
    iter  88  train 0.790608  validation 0.882583
    iter  89  train 0.790266  validation 0.882976
    iter  90  train 0.789842  validation 0.883269
    iter  91  train 0.789220  validation 0.883354
    iter  92  train 0.787926  validation 0.883463
    iter  93  train 0.787133  validation 0.883552
    iter  94  train 0.785716  validation 0.881946
    iter  95  train 0.785029  validation 0.880803
    iter  96  train 0.784527  validation 0.879922
    iter  97  train 0.783378  validation 0.878163
    iter  98  train 0.781722  validation 0.875524
    iter  99  train 0.780353  validation 0.873104
    iter 100  train 0.779176  validation 0.872827
    iter 101  train 0.778575  validation 0.874148
    iter 102  train 0.778064  validation 0.874086
    iter 103  train 0.776897  validation 0.874852
    iter 104  train 0.775715  validation 0.876786
    iter 105  train 0.774616  validation 0.879176
    iter 106  train 0.774318  validation 0.881573
    iter 107  train 0.773707  validation 0.880307
    iter 108  train 0.773258  validation 0.879350
    iter 109  train 0.772160  validation 0.877693
    iter 110  train 0.770672  validation 0.876603
    iter 111  train 0.769863  validation 0.878123
    iter 112  train 0.768444  validation 0.878029
    iter 113  train 0.767548  validation 0.878679
    iter 114  train 0.766534  validation 0.879845
    iter 115  train 0.765169  validation 0.880727
    iter 116  train 0.764721  validation 0.882982
    iter 117  train 0.762416  validation 0.880175
    iter 118  train 0.762107  validation 0.878494
    iter 119  train 0.761757  validation 0.876845
    iter 120  train 0.760954  validation 0.874686
  H2 lambda 0.001
    iter   1  train 0.908750  validation 0.951411
    iter   2  train 0.903647  validation 0.947225
    iter   3  train 0.903338  validation 0.946997
    iter   4  train 0.902528  validation 0.946518
    iter   5  train 0.901320  validation 0.945993
    iter   6  train 0.898967  validation 0.946258
    iter   7  train 0.896659  validation 0.946702
    iter   8  train 0.894800  validation 0.945648
    iter   9  train 0.893084  validation 0.944610
    iter  10  train 0.891821  validation 0.943344
    iter  11  train 0.888369  validation 0.939906
    iter  12  train 0.887930  validation 0.938169
    iter  13  train 0.885131  validation 0.935696
    iter  14  train 0.884522  validation 0.935142
    iter  15  train 0.883851  validation 0.934630
    iter  16  train 0.882429  validation 0.933780
    iter  17  train 0.880094  validation 0.933413
    iter  18  train 0.876907  validation 0.932542
    iter  19  train 0.874078  validation 0.931749
    iter  20  train 0.872454  validation 0.931351
  H2 lambda 0.01
    iter   1  train 0.908845  validation 0.951411
    iter   2  train 0.903936  validation 0.947138
    iter   3  train 0.903670  validation 0.946894
    iter   4  train 0.902732  validation 0.946244
    iter   5  train 0.901561  validation 0.945648
    iter   6  train 0.899214  validation 0.945579
    iter   7  train 0.897298  validation 0.945590
    iter   8  train 0.895818  validation 0.944487
    iter   9  train 0.894510  validation 0.943309
    iter  10  train 0.893493  validation 0.941996
    iter  11  train 0.890789  validation 0.938054
    iter  12  train 0.890771  validation 0.936400
    iter  13  train 0.889051  validation 0.934744
    iter  14  train 0.888673  validation 0.934319
    iter  15  train 0.888193  validation 0.933831
    iter  16  train 0.887200  validation 0.932972
    iter  17  train 0.885970  validation 0.931874
    iter  18  train 0.884069  validation 0.930582
    iter  19  train 0.882624  validation 0.929707
    iter  20  train 0.881880  validation 0.929036
  H2 lambda 0.1
    iter   1  train 0.909795  validation 0.951411
    iter   2  train 0.906376  validation 0.946786
    iter   3  train 0.906116  validation 0.946736
    iter   4  train 0.905969  validation 0.946608
    iter   5  train 0.905265  validation 0.945974
    iter   6  train 0.904601  validation 0.945414
    iter   7  train 0.904255  validation 0.945433
    iter   8  train 0.903595  validation 0.944286
    iter   9  train 0.903433  validation 0.943918
    iter  10  train 0.903260  validation 0.943426
    iter  11  train 0.903038  validation 0.942548
    iter  12  train 0.902923  validation 0.941373
    iter  13  train 0.902729  validation 0.941062
    iter  14  train 0.902691  validation 0.941056
    iter  15  train 0.902653  validation 0.941011
    iter  16  train 0.902578  validation 0.940933
    iter  17  train 0.902476  validation 0.940757
    iter  18  train 0.902466  validation 0.940598
    iter  19  train 0.902351  validation 0.940535
    iter  20  train 0.902331  validation 0.940485
  H2: validation 0.872827 at lambda 0.0001
  choice: probability sd 0.2974 on validation, temperature 5.4484
bool: 2186 training and 464 validation records, H0 validation 3.520036
    iter   1  train 1.384140  validation 1.347911
    iter   2  train 0.873355  validation 0.857668
    iter   3  train 0.637017  validation 0.631783
    iter   4  train 0.590757  validation 0.588084
    iter   5  train 0.580146  validation 0.578340
    iter   6  train 0.578382  validation 0.576873
    iter   7  train 0.578258  validation 0.576864
    iter   8  train 0.578252  validation 0.576858
    iter   9  train 0.578251  validation 0.576857
  H1: 9 iterations, train 0.578251, validation 0.576857, temperature 15.4030, c 0.0000
  H2 lambda 0.0001
    iter   1  train 0.566390  validation 0.566358
    iter   2  train 0.540916  validation 0.544622
    iter   3  train 0.535286  validation 0.545878
    iter   4  train 0.518165  validation 0.527814
    iter   5  train 0.511126  validation 0.521547
    iter   6  train 0.506105  validation 0.518873
    iter   7  train 0.504036  validation 0.518254
    iter   8  train 0.495472  validation 0.512808
    iter   9  train 0.466065  validation 0.491438
    iter  10  train 0.434914  validation 0.461791
    iter  11  train 0.417490  validation 0.438343
    iter  12  train 0.414406  validation 0.433681
    iter  13  train 0.409915  validation 0.427425
    iter  14  train 0.407887  validation 0.423901
    iter  15  train 0.406626  validation 0.421784
    iter  16  train 0.403856  validation 0.419848
    iter  17  train 0.401479  validation 0.409665
    iter  18  train 0.392483  validation 0.407566
    iter  19  train 0.384633  validation 0.401537
    iter  20  train 0.380837  validation 0.399937
    iter  21  train 0.378861  validation 0.403368
    iter  22  train 0.376131  validation 0.398273
    iter  23  train 0.373589  validation 0.395565
    iter  24  train 0.372564  validation 0.393468
    iter  25  train 0.371955  validation 0.393909
    iter  26  train 0.371254  validation 0.394728
    iter  27  train 0.369146  validation 0.390842
    iter  28  train 0.368209  validation 0.390393
    iter  29  train 0.366804  validation 0.389095
    iter  30  train 0.366023  validation 0.388118
    iter  31  train 0.365026  validation 0.387659
    iter  32  train 0.364350  validation 0.393468
    iter  33  train 0.360714  validation 0.389721
    iter  34  train 0.359722  validation 0.389010
    iter  35  train 0.358608  validation 0.388858
    iter  36  train 0.357176  validation 0.389283
    iter  37  train 0.355207  validation 0.390234
    iter  38  train 0.352497  validation 0.391285
    iter  39  train 0.351732  validation 0.393591
    iter  40  train 0.349791  validation 0.393812
    iter  41  train 0.349303  validation 0.395780
    iter  42  train 0.346124  validation 0.392374
    iter  43  train 0.345387  validation 0.390484
    iter  44  train 0.344865  validation 0.388878
    iter  45  train 0.344376  validation 0.386915
    iter  46  train 0.344128  validation 0.386472
    iter  47  train 0.343916  validation 0.386278
    iter  48  train 0.343664  validation 0.386540
    iter  49  train 0.341975  validation 0.386494
    iter  50  train 0.341897  validation 0.391898
    iter  51  train 0.338823  validation 0.388962
    iter  52  train 0.337692  validation 0.388078
    iter  53  train 0.337304  validation 0.388193
    iter  54  train 0.334837  validation 0.383820
    iter  55  train 0.332365  validation 0.380275
    iter  56  train 0.331195  validation 0.377851
    iter  57  train 0.329850  validation 0.374180
    iter  58  train 0.329665  validation 0.375113
    iter  59  train 0.329377  validation 0.374032
    iter  60  train 0.329295  validation 0.373817
    iter  61  train 0.328798  validation 0.372967
    iter  62  train 0.328079  validation 0.371486
    iter  63  train 0.327716  validation 0.373779
    iter  64  train 0.326440  validation 0.369496
    iter  65  train 0.325942  validation 0.368233
    iter  66  train 0.325722  validation 0.368063
    iter  67  train 0.325557  validation 0.367949
    iter  68  train 0.323899  validation 0.364814
    iter  69  train 0.323184  validation 0.363460
    iter  70  train 0.322647  validation 0.362592
    iter  71  train 0.322124  validation 0.362644
    iter  72  train 0.320643  validation 0.363086
    iter  73  train 0.318750  validation 0.362245
    iter  74  train 0.317837  validation 0.365343
    iter  75  train 0.316093  validation 0.364343
    iter  76  train 0.315136  validation 0.365665
    iter  77  train 0.314941  validation 0.364836
    iter  78  train 0.314874  validation 0.367381
    iter  79  train 0.314532  validation 0.365923
    iter  80  train 0.313827  validation 0.364202
    iter  81  train 0.312864  validation 0.363445
    iter  82  train 0.311993  validation 0.364622
    iter  83  train 0.311717  validation 0.362988
    iter  84  train 0.310710  validation 0.365717
    iter  85  train 0.310006  validation 0.368674
    iter  86  train 0.309671  validation 0.369706
    iter  87  train 0.309573  validation 0.368645
    iter  88  train 0.309331  validation 0.367234
    iter  89  train 0.309012  validation 0.366461
    iter  90  train 0.308791  validation 0.366992
    iter  91  train 0.308073  validation 0.366841
    iter  92  train 0.306325  validation 0.368996
    iter  93  train 0.306094  validation 0.369866
  H2 lambda 0.001
    iter   1  train 0.566404  validation 0.566358
    iter   2  train 0.541157  validation 0.544589
    iter   3  train 0.533110  validation 0.542532
    iter   4  train 0.518450  validation 0.527305
    iter   5  train 0.511210  validation 0.520865
    iter   6  train 0.507223  validation 0.518736
    iter   7  train 0.504980  validation 0.517649
    iter   8  train 0.494243  validation 0.510262
    iter   9  train 0.468225  validation 0.489441
    iter  10  train 0.440956  validation 0.461065
    iter  11  train 0.426696  validation 0.440108
    iter  12  train 0.421905  validation 0.433827
    iter  13  train 0.416618  validation 0.426466
    iter  14  train 0.413232  validation 0.420801
    iter  15  train 0.412039  validation 0.419018
    iter  16  train 0.406831  validation 0.414247
    iter  17  train 0.404004  validation 0.406658
    iter  18  train 0.398324  validation 0.406967
    iter  19  train 0.392786  validation 0.403996
    iter  20  train 0.388907  validation 0.401715
  H2 lambda 0.01
    iter   1  train 0.566541  validation 0.566358
    iter   2  train 0.543487  validation 0.544392
    iter   3  train 0.530047  validation 0.531908
    iter   4  train 0.521845  validation 0.523495
    iter   5  train 0.514275  validation 0.515060
    iter   6  train 0.511180  validation 0.511487
    iter   7  train 0.506433  validation 0.506005
    iter   8  train 0.496445  validation 0.493912
    iter   9  train 0.486026  validation 0.479494
    iter  10  train 0.478362  validation 0.468490
    iter  11  train 0.472617  validation 0.461198
    iter  12  train 0.469303  validation 0.457999
    iter  13  train 0.457587  validation 0.441326
    iter  14  train 0.457520  validation 0.440793
    iter  15  train 0.450905  validation 0.430933
    iter  16  train 0.448811  validation 0.426943
    iter  17  train 0.447693  validation 0.425724
    iter  18  train 0.439131  validation 0.417191
    iter  19  train 0.433349  validation 0.410912
    iter  20  train 0.428366  validation 0.413877
  H2 lambda 0.1
    iter   1  train 0.567912  validation 0.566358
    iter   2  train 0.560299  validation 0.548817
    iter   3  train 0.558058  validation 0.549598
    iter   4  train 0.557638  validation 0.549624
    iter   5  train 0.555603  validation 0.547598
    iter   6  train 0.553750  validation 0.543507
    iter   7  train 0.551327  validation 0.537137
    iter   8  train 0.546987  validation 0.522668
    iter   9  train 0.544567  validation 0.511526
    iter  10  train 0.539786  validation 0.499738
    iter  11  train 0.533260  validation 0.481735
    iter  12  train 0.521899  validation 0.474887
    iter  13  train 0.518351  validation 0.472629
    iter  14  train 0.508800  validation 0.470294
    iter  15  train 0.502596  validation 0.438453
    iter  16  train 0.500197  validation 0.433679
    iter  17  train 0.493679  validation 0.441068
    iter  18  train 0.489941  validation 0.437140
    iter  19  train 0.486306  validation 0.428634
    iter  20  train 0.468924  validation 0.425628
  H2: validation 0.362245 at lambda 0.0001
  bool: probability sd 0.3800 on validation, temperature 7.4819
score: 1051 training and 226 validation records, H0 validation 11.007492
    iter   1  train 4.206809  validation 4.154563
    iter   2  train 2.569470  validation 2.530770
    iter   3  train 1.754947  validation 1.724054
    iter   4  train 1.591769  validation 1.565050
    iter   5  train 1.545798  validation 1.521762
    iter   6  train 1.536554  validation 1.513756
    iter   7  train 1.535565  validation 1.513020
    iter   8  train 1.535458  validation 1.512814
    iter   9  train 1.535430  validation 1.512613
    iter  10  train 1.535426  validation 1.512539
    iter  11  train 1.535423  validation 1.512418
    iter  12  train 1.535422  validation 1.512365
    iter  13  train 1.535421  validation 1.512363
    iter  14  train 1.535421  validation 1.512364
  H1: 14 iterations, train 1.535421, validation 1.512364, temperature 15.7960, c 0.0000
  score: probability sd 0.1255 on validation, temperature 15.7960
