choice: 15804 training and 3383 validation records, H0 validation 2.060947
    iter   1  train 0.882998  validation 0.908965
    iter   2  train 0.807146  validation 0.825060
    iter   3  train 0.803274  validation 0.819708
    iter   4  train 0.802913  validation 0.819247
    iter   5  train 0.801858  validation 0.818276
    iter   6  train 0.801145  validation 0.818049
    iter   7  train 0.800757  validation 0.818311
    iter   8  train 0.800683  validation 0.818529
    iter   9  train 0.800635  validation 0.818643
    iter  10  train 0.800548  validation 0.818781
    iter  11  train 0.800490  validation 0.818915
    iter  12  train 0.800469  validation 0.818784
    iter  13  train 0.800467  validation 0.818735
    iter  14  train 0.800466  validation 0.818719
    iter  15  train 0.800465  validation 0.818713
    iter  16  train 0.800464  validation 0.818723
    iter  17  train 0.800462  validation 0.818750
    iter  18  train 0.800462  validation 0.818751
    iter  19  train 0.800462  validation 0.818752
    iter  20  train 0.800462  validation 0.818757
    iter  21  train 0.800461  validation 0.818751
    iter  22  train 0.800460  validation 0.818751
    iter  23  train 0.800459  validation 0.818741
    iter  24  train 0.800457  validation 0.818734
    iter  25  train 0.800457  validation 0.818700
    iter  26  train 0.800456  validation 0.818712
    iter  27  train 0.800456  validation 0.818725
    iter  28  train 0.800456  validation 0.818738
    iter  29  train 0.800455  validation 0.818739
    iter  30  train 0.800455  validation 0.818739
    iter  31  train 0.800455  validation 0.818734
    iter  32  train 0.800455  validation 0.818733
    iter  33  train 0.800455  validation 0.818732
    iter  34  train 0.800455  validation 0.818732
    iter  35  train 0.800455  validation 0.818733
    iter  36  train 0.800455  validation 0.818733
  H1: 36 iterations, train 0.800455, validation 0.818733, temperature 3.9516, c 0.0000
  H2 lambda 0.0001
    iter   1  train 0.794619  validation 0.816683
    iter   2  train 0.792236  validation 0.815131
    iter   3  train 0.791686  validation 0.814241
    iter   4  train 0.790390  validation 0.812663
    iter   5  train 0.787124  validation 0.810112
    iter   6  train 0.782389  validation 0.807578
    iter   7  train 0.780111  validation 0.811706
    iter   8  train 0.774804  validation 0.806781
    iter   9  train 0.772821  validation 0.806066
    iter  10  train 0.771150  validation 0.805644
    iter  11  train 0.767937  validation 0.804196
    iter  12  train 0.762893  validation 0.802315
    iter  13  train 0.761266  validation 0.801146
    iter  14  train 0.759117  validation 0.798205
    iter  15  train 0.758221  validation 0.796923
    iter  16  train 0.757059  validation 0.795630
    iter  17  train 0.754837  validation 0.793385
    iter  18  train 0.752145  validation 0.791349
    iter  19  train 0.749889  validation 0.790763
    iter  20  train 0.749260  validation 0.790753
    iter  21  train 0.748505  validation 0.790317
    iter  22  train 0.747021  validation 0.789526
    iter  23  train 0.745543  validation 0.788704
    iter  24  train 0.743755  validation 0.787703
    iter  25  train 0.742067  validation 0.787477
    iter  26  train 0.740467  validation 0.786828
    iter  27  train 0.739310  validation 0.785681
    iter  28  train 0.737870  validation 0.785127
    iter  29  train 0.736814  validation 0.785418
    iter  30  train 0.735107  validation 0.785094
    iter  31  train 0.732322  validation 0.785290
    iter  32  train 0.731155  validation 0.784806
    iter  33  train 0.729091  validation 0.784396
    iter  34  train 0.726732  validation 0.783457
    iter  35  train 0.723524  validation 0.783204
    iter  36  train 0.720598  validation 0.782652
    iter  37  train 0.716311  validation 0.782606
    iter  38  train 0.715525  validation 0.785441
    iter  39  train 0.712191  validation 0.781583
    iter  40  train 0.711229  validation 0.780741
    iter  41  train 0.710056  validation 0.780144
    iter  42  train 0.708863  validation 0.781557
    iter  43  train 0.706575  validation 0.780627
    iter  44  train 0.704842  validation 0.780742
    iter  45  train 0.703277  validation 0.781621
    iter  46  train 0.701387  validation 0.782079
    iter  47  train 0.699353  validation 0.785596
    iter  48  train 0.697075  validation 0.783633
    iter  49  train 0.696020  validation 0.782491
    iter  50  train 0.695127  validation 0.781585
    iter  51  train 0.693958  validation 0.781554
    iter  52  train 0.692841  validation 0.780841
    iter  53  train 0.692088  validation 0.780559
    iter  54  train 0.690571  validation 0.780716
    iter  55  train 0.688722  validation 0.781532
    iter  56  train 0.687828  validation 0.783205
    iter  57  train 0.685746  validation 0.782505
    iter  58  train 0.684621  validation 0.782064
    iter  59  train 0.683819  validation 0.781759
    iter  60  train 0.682080  validation 0.781746
    iter  61  train 0.681713  validation 0.787123
  H2 lambda 0.001
    iter   1  train 0.794622  validation 0.816683
    iter   2  train 0.792241  validation 0.815129
    iter   3  train 0.791691  validation 0.814239
    iter   4  train 0.790398  validation 0.812664
    iter   5  train 0.787134  validation 0.810112
    iter   6  train 0.782421  validation 0.807581
    iter   7  train 0.780048  validation 0.811502
    iter   8  train 0.774856  validation 0.806754
    iter   9  train 0.772870  validation 0.806041
    iter  10  train 0.771222  validation 0.805591
    iter  11  train 0.767967  validation 0.804077
    iter  12  train 0.762952  validation 0.802085
    iter  13  train 0.761522  validation 0.801027
    iter  14  train 0.759288  validation 0.798043
    iter  15  train 0.758427  validation 0.796834
    iter  16  train 0.757262  validation 0.795537
    iter  17  train 0.755113  validation 0.793356
    iter  18  train 0.752608  validation 0.791388
    iter  19  train 0.750387  validation 0.790663
    iter  20  train 0.750342  validation 0.791406
  H2 lambda 0.01
    iter   1  train 0.794650  validation 0.816683
    iter   2  train 0.792289  validation 0.815111
    iter   3  train 0.791744  validation 0.814222
    iter   4  train 0.790481  validation 0.812669
    iter   5  train 0.787236  validation 0.810122
    iter   6  train 0.782732  validation 0.807611
    iter   7  train 0.779673  validation 0.809838
    iter   8  train 0.775329  validation 0.806464
    iter   9  train 0.773318  validation 0.805776
    iter  10  train 0.771806  validation 0.805051
    iter  11  train 0.768121  validation 0.802800
    iter  12  train 0.763456  validation 0.799565
    iter  13  train 0.762938  validation 0.799827
    iter  14  train 0.760172  validation 0.796099
    iter  15  train 0.759284  validation 0.794881
    iter  16  train 0.757908  validation 0.793297
    iter  17  train 0.755699  validation 0.790785
    iter  18  train 0.754937  validation 0.790526
    iter  19  train 0.753440  validation 0.789150
    iter  20  train 0.752860  validation 0.788921
  H2 lambda 0.1
    iter   1  train 0.794926  validation 0.816683
    iter   2  train 0.792751  validation 0.814948
    iter   3  train 0.792242  validation 0.814079
    iter   4  train 0.791238  validation 0.812798
    iter   5  train 0.788474  validation 0.810519
    iter   6  train 0.785627  validation 0.808264
    iter   7  train 0.782626  validation 0.806495
    iter   8  train 0.780401  validation 0.805393
    iter   9  train 0.778990  validation 0.803748
    iter  10  train 0.777692  validation 0.802259
    iter  11  train 0.776354  validation 0.800214
    iter  12  train 0.775317  validation 0.798481
    iter  13  train 0.773736  validation 0.795448
    iter  14  train 0.773630  validation 0.793818
    iter  15  train 0.772164  validation 0.792434
    iter  16  train 0.771885  validation 0.792319
    iter  17  train 0.771649  validation 0.792105
    iter  18  train 0.771400  validation 0.791783
    iter  19  train 0.771093  validation 0.791215
    iter  20  train 0.770624  validation 0.790670
  H2: validation 0.780144 at lambda 0.0001
  choice: probability sd 0.3128 on validation, temperature 2.9063
bool: 2186 training and 464 validation records, H0 validation 1.584349
    iter   1  train 0.777920  validation 0.666587
    iter   2  train 0.595517  validation 0.530865
    iter   3  train 0.538136  validation 0.496007
    iter   4  train 0.529230  validation 0.494747
    iter   5  train 0.528061  validation 0.496509
    iter   6  train 0.528014  validation 0.497119
    iter   7  train 0.528014  validation 0.497174
    iter   8  train 0.528014  validation 0.497175
  H1: 8 iterations, train 0.528014, validation 0.497175, temperature 7.8505, c 0.0000
  H2 lambda 0.0001
    iter   1  train 0.519401  validation 0.491640
    iter   2  train 0.506523  validation 0.480713
    iter   3  train 0.483544  validation 0.466263
    iter   4  train 0.477866  validation 0.459748
    iter   5  train 0.425349  validation 0.405968
    iter   6  train 0.388172  validation 0.374165
    iter   7  train 0.358883  validation 0.344391
    iter   8  train 0.337247  validation 0.319240
    iter   9  train 0.323000  validation 0.299034
    iter  10  train 0.312672  validation 0.281234
    iter  11  train 0.308997  validation 0.276116
    iter  12  train 0.307828  validation 0.272490
    iter  13  train 0.306792  validation 0.273572
    iter  14  train 0.305860  validation 0.275030
    iter  15  train 0.305019  validation 0.274645
    iter  16  train 0.304064  validation 0.274815
    iter  17  train 0.303245  validation 0.274690
    iter  18  train 0.301847  validation 0.273490
    iter  19  train 0.300273  validation 0.270904
    iter  20  train 0.297950  validation 0.268752
    iter  21  train 0.295655  validation 0.264373
    iter  22  train 0.291923  validation 0.265435
    iter  23  train 0.288821  validation 0.266899
    iter  24  train 0.286644  validation 0.268322
    iter  25  train 0.286380  validation 0.271039
    iter  26  train 0.286122  validation 0.268393
    iter  27  train 0.285695  validation 0.268394
    iter  28  train 0.285580  validation 0.268506
    iter  29  train 0.285059  validation 0.268200
    iter  30  train 0.284776  validation 0.270373
    iter  31  train 0.284345  validation 0.267426
    iter  32  train 0.283614  validation 0.267406
    iter  33  train 0.282863  validation 0.267736
    iter  34  train 0.282156  validation 0.268318
    iter  35  train 0.281984  validation 0.271024
    iter  36  train 0.280900  validation 0.269675
    iter  37  train 0.280430  validation 0.269500
    iter  38  train 0.280166  validation 0.269511
    iter  39  train 0.279836  validation 0.269417
    iter  40  train 0.278893  validation 0.269077
    iter  41  train 0.277251  validation 0.268823
  H2 lambda 0.001
    iter   1  train 0.519402  validation 0.491640
    iter   2  train 0.506527  validation 0.480713
    iter   3  train 0.483572  validation 0.466255
    iter   4  train 0.477904  validation 0.459745
    iter   5  train 0.425578  validation 0.406004
    iter   6  train 0.388756  validation 0.374210
    iter   7  train 0.359919  validation 0.344321
    iter   8  train 0.338760  validation 0.319130
    iter   9  train 0.325121  validation 0.298778
    iter  10  train 0.315188  validation 0.280475
    iter  11  train 0.311873  validation 0.276089
    iter  12  train 0.310790  validation 0.274637
    iter  13  train 0.310079  validation 0.277262
    iter  14  train 0.309591  validation 0.277486
    iter  15  train 0.309058  validation 0.277101
    iter  16  train 0.308333  validation 0.277022
    iter  17  train 0.307846  validation 0.276482
    iter  18  train 0.306754  validation 0.274596
    iter  19  train 0.305129  validation 0.271467
    iter  20  train 0.302980  validation 0.269892
  H2 lambda 0.01
    iter   1  train 0.519413  validation 0.491640
    iter   2  train 0.506561  validation 0.480706
    iter   3  train 0.483855  validation 0.466179
    iter   4  train 0.478282  validation 0.459716
    iter   5  train 0.427810  validation 0.406380
    iter   6  train 0.394280  validation 0.374772
    iter   7  train 0.369250  validation 0.344137
    iter   8  train 0.352189  validation 0.320159
    iter   9  train 0.341425  validation 0.299114
    iter  10  train 0.334499  validation 0.278596
    iter  11  train 0.331102  validation 0.278932
    iter  12  train 0.330361  validation 0.280593
    iter  13  train 0.330128  validation 0.278511
    iter  14  train 0.329462  validation 0.279782
    iter  15  train 0.328322  validation 0.280756
    iter  16  train 0.326450  validation 0.281182
    iter  17  train 0.324255  validation 0.279371
    iter  18  train 0.321150  validation 0.274251
    iter  19  train 0.320440  validation 0.276085
    iter  20  train 0.318601  validation 0.271104
  H2 lambda 0.1
    iter   1  train 0.519520  validation 0.491640
    iter   2  train 0.506904  validation 0.480642
    iter   3  train 0.486476  validation 0.465597
    iter   4  train 0.481748  validation 0.459628
    iter   5  train 0.445401  validation 0.411191
    iter   6  train 0.429718  validation 0.385589
    iter   7  train 0.417430  validation 0.359017
    iter   8  train 0.410526  validation 0.346494
    iter   9  train 0.399453  validation 0.326898
    iter  10  train 0.387970  validation 0.304224
    iter  11  train 0.379966  validation 0.294394
    iter  12  train 0.378497  validation 0.296674
    iter  13  train 0.373215  validation 0.292714
    iter  14  train 0.363330  validation 0.283989
    iter  15  train 0.360596  validation 0.287129
    iter  16  train 0.359790  validation 0.285379
    iter  17  train 0.357610  validation 0.286348
    iter  18  train 0.350543  validation 0.292243
    iter  19  train 0.343228  validation 0.287859
    iter  20  train 0.337982  validation 0.275913
  H2: validation 0.264373 at lambda 0.0001
  bool: probability sd 0.4022 on validation, temperature 6.4029
score: 1051 training and 226 validation records, H0 validation 4.214491
    iter   1  train 1.908116  validation 1.822648
    iter   2  train 1.508114  validation 1.456873
    iter   3  train 1.367850  validation 1.335623
    iter   4  train 1.344736  validation 1.319223
    iter   5  train 1.340438  validation 1.317750
    iter   6  train 1.339150  validation 1.317372
    iter   7  train 1.337908  validation 1.316352
    iter   8  train 1.337551  validation 1.315317
    iter   9  train 1.337550  validation 1.315301
    iter  10  train 1.337549  validation 1.315303
    iter  11  train 1.337549  validation 1.315305
  H1: 11 iterations, train 1.337549, validation 1.315305, temperature 6.9220, c 0.0000
  score: probability sd 0.2414 on validation, temperature 6.9220
