choice: 44349 training and 9216 validation records, H0 validation 5.528738
    iter   1  train 2.213438  validation 2.062706
    iter   2  train 1.305870  validation 1.221499
    iter   3  train 0.863130  validation 0.818870
    iter   4  train 0.802911  validation 0.769477
    iter   5  train 0.794285  validation 0.764908
    iter   6  train 0.793546  validation 0.765470
    iter   7  train 0.793525  validation 0.765668
    iter   8  train 0.793525  validation 0.765679
    iter   9  train 0.793524  validation 0.765672
    iter  10  train 0.793524  validation 0.765671
  H1: 10 iterations, train 0.793524, validation 0.765671, temperature 14.1101, c 0.0000
  H2 lambda 0.0001
    iter   1  train 0.791295  validation 0.764064
    iter   2  train 0.789598  validation 0.762729
    iter   3  train 0.789367  validation 0.762359
    iter   4  train 0.788933  validation 0.761638
    iter   5  train 0.787869  validation 0.759806
    iter   6  train 0.786355  validation 0.757228
    iter   7  train 0.785833  validation 0.755312
    iter   8  train 0.782907  validation 0.752175
    iter   9  train 0.780794  validation 0.750298
    iter  10  train 0.777836  validation 0.747817
    iter  11  train 0.773856  validation 0.744447
    iter  12  train 0.766675  validation 0.738123
    iter  13  train 0.762886  validation 0.734986
    iter  14  train 0.756248  validation 0.728246
    iter  15  train 0.753573  validation 0.724712
    iter  16  train 0.751804  validation 0.721907
    iter  17  train 0.750517  validation 0.718970
    iter  18  train 0.748320  validation 0.716667
    iter  19  train 0.746190  validation 0.714309
    iter  20  train 0.744123  validation 0.712686
    iter  21  train 0.742697  validation 0.711086
    iter  22  train 0.740314  validation 0.709428
    iter  23  train 0.737032  validation 0.707259
    iter  24  train 0.734639  validation 0.705475
    iter  25  train 0.734596  validation 0.703958
    iter  26  train 0.732200  validation 0.702263
    iter  27  train 0.731907  validation 0.701581
    iter  28  train 0.731018  validation 0.699502
    iter  29  train 0.730184  validation 0.698229
    iter  30  train 0.729896  validation 0.696810
    iter  31  train 0.729175  validation 0.696719
    iter  32  train 0.728586  validation 0.696634
    iter  33  train 0.727593  validation 0.696471
    iter  34  train 0.727117  validation 0.696707
    iter  35  train 0.725889  validation 0.695161
    iter  36  train 0.724814  validation 0.693283
    iter  37  train 0.724054  validation 0.691992
    iter  38  train 0.723512  validation 0.690552
    iter  39  train 0.723291  validation 0.690551
    iter  40  train 0.721868  validation 0.688473
    iter  41  train 0.721195  validation 0.687720
    iter  42  train 0.720742  validation 0.687332
    iter  43  train 0.720155  validation 0.686859
    iter  44  train 0.718948  validation 0.685988
    iter  45  train 0.718868  validation 0.685539
    iter  46  train 0.717758  validation 0.684045
    iter  47  train 0.717443  validation 0.683333
    iter  48  train 0.717229  validation 0.682858
    iter  49  train 0.716891  validation 0.682178
    iter  50  train 0.716701  validation 0.682163
    iter  51  train 0.715714  validation 0.680849
    iter  52  train 0.714276  validation 0.679194
    iter  53  train 0.714030  validation 0.679407
    iter  54  train 0.713422  validation 0.678496
    iter  55  train 0.713222  validation 0.678117
    iter  56  train 0.712064  validation 0.675794
    iter  57  train 0.710855  validation 0.673482
    iter  58  train 0.709787  validation 0.671509
    iter  59  train 0.709130  validation 0.671123
    iter  60  train 0.708524  validation 0.671457
    iter  61  train 0.708169  validation 0.671289
    iter  62  train 0.707648  validation 0.671348
    iter  63  train 0.707268  validation 0.670599
    iter  64  train 0.706815  validation 0.669740
    iter  65  train 0.706427  validation 0.669323
    iter  66  train 0.706099  validation 0.668565
    iter  67  train 0.705790  validation 0.669097
    iter  68  train 0.705350  validation 0.668585
    iter  69  train 0.704437  validation 0.667874
    iter  70  train 0.703818  validation 0.667496
    iter  71  train 0.702854  validation 0.666445
    iter  72  train 0.702776  validation 0.666630
    iter  73  train 0.702018  validation 0.665381
    iter  74  train 0.701668  validation 0.664584
    iter  75  train 0.701319  validation 0.663651
    iter  76  train 0.700857  validation 0.662528
    iter  77  train 0.700335  validation 0.661735
    iter  78  train 0.699448  validation 0.660332
    iter  79  train 0.698709  validation 0.659528
    iter  80  train 0.697961  validation 0.659233
    iter  81  train 0.697144  validation 0.658454
    iter  82  train 0.695852  validation 0.657300
    iter  83  train 0.693180  validation 0.654552
    iter  84  train 0.692669  validation 0.653920
    iter  85  train 0.692261  validation 0.652843
    iter  86  train 0.692037  validation 0.652361
    iter  87  train 0.690884  validation 0.650846
    iter  88  train 0.689535  validation 0.649805
    iter  89  train 0.689357  validation 0.650193
    iter  90  train 0.688742  validation 0.649904
    iter  91  train 0.688614  validation 0.650140
    iter  92  train 0.688497  validation 0.650314
    iter  93  train 0.688293  validation 0.650448
    iter  94  train 0.687743  validation 0.650124
    iter  95  train 0.687270  validation 0.649668
    iter  96  train 0.686980  validation 0.649237
    iter  97  train 0.686808  validation 0.648934
    iter  98  train 0.686628  validation 0.648733
    iter  99  train 0.686337  validation 0.648613
    iter 100  train 0.685972  validation 0.648573
    iter 101  train 0.685543  validation 0.648527
    iter 102  train 0.685369  validation 0.648519
    iter 103  train 0.684905  validation 0.648257
    iter 104  train 0.684615  validation 0.647949
    iter 105  train 0.684023  validation 0.647441
    iter 106  train 0.683989  validation 0.647231
    iter 107  train 0.683408  validation 0.646882
    iter 108  train 0.683054  validation 0.646698
    iter 109  train 0.682825  validation 0.646575
    iter 110  train 0.682624  validation 0.646372
    iter 111  train 0.682311  validation 0.645921
    iter 112  train 0.681481  validation 0.645021
    iter 113  train 0.680739  validation 0.644124
    iter 114  train 0.680280  validation 0.643545
    iter 115  train 0.680216  validation 0.643653
    iter 116  train 0.679983  validation 0.643380
    iter 117  train 0.679719  validation 0.643195
    iter 118  train 0.679509  validation 0.643212
    iter 119  train 0.679331  validation 0.643260
    iter 120  train 0.679221  validation 0.643111
    iter 121  train 0.678569  validation 0.642952
    iter 122  train 0.678136  validation 0.642508
    iter 123  train 0.677732  validation 0.641686
    iter 124  train 0.677621  validation 0.641388
    iter 125  train 0.677485  validation 0.640959
    iter 126  train 0.677232  validation 0.640250
    iter 127  train 0.676957  validation 0.639693
    iter 128  train 0.676858  validation 0.639801
    iter 129  train 0.676196  validation 0.639237
    iter 130  train 0.675915  validation 0.639481
    iter 131  train 0.675712  validation 0.640015
    iter 132  train 0.675517  validation 0.640162
    iter 133  train 0.675040  validation 0.640213
    iter 134  train 0.674252  validation 0.639518
    iter 135  train 0.674203  validation 0.639054
    iter 136  train 0.673798  validation 0.638421
    iter 137  train 0.673718  validation 0.638105
    iter 138  train 0.673654  validation 0.637970
    iter 139  train 0.673434  validation 0.637720
    iter 140  train 0.673085  validation 0.637500
    iter 141  train 0.673005  validation 0.637700
    iter 142  train 0.672527  validation 0.637709
    iter 143  train 0.672195  validation 0.637867
    iter 144  train 0.671907  validation 0.638068
    iter 145  train 0.671589  validation 0.637947
    iter 146  train 0.671107  validation 0.637455
    iter 147  train 0.670550  validation 0.636636
    iter 148  train 0.670377  validation 0.635978
    iter 149  train 0.670312  validation 0.635799
    iter 150  train 0.670228  validation 0.635603
    iter 151  train 0.670086  validation 0.635373
    iter 152  train 0.669824  validation 0.635099
    iter 153  train 0.669439  validation 0.634763
    iter 154  train 0.669284  validation 0.634860
    iter 155  train 0.668868  validation 0.634612
    iter 156  train 0.668576  validation 0.634443
    iter 157  train 0.668115  validation 0.634110
    iter 158  train 0.667426  validation 0.633583
    iter 159  train 0.667300  validation 0.633759
    iter 160  train 0.666626  validation 0.633194
    iter 161  train 0.665904  validation 0.632923
    iter 162  train 0.665371  validation 0.632248
    iter 163  train 0.665204  validation 0.631358
    iter 164  train 0.665026  validation 0.631382
    iter 165  train 0.664877  validation 0.631263
    iter 166  train 0.664669  validation 0.630699
    iter 167  train 0.664314  validation 0.630207
    iter 168  train 0.664120  validation 0.629672
    iter 169  train 0.664006  validation 0.629297
    iter 170  train 0.663773  validation 0.629129
    iter 171  train 0.663300  validation 0.628736
    iter 172  train 0.663030  validation 0.629431
    iter 173  train 0.662593  validation 0.629068
    iter 174  train 0.662383  validation 0.629161
    iter 175  train 0.662296  validation 0.629178
    iter 176  train 0.662071  validation 0.628914
    iter 177  train 0.661783  validation 0.628345
    iter 178  train 0.661670  validation 0.628008
    iter 179  train 0.661564  validation 0.627892
    iter 180  train 0.661486  validation 0.627763
    iter 181  train 0.661424  validation 0.627677
    iter 182  train 0.661317  validation 0.627716
    iter 183  train 0.661068  validation 0.627792
    iter 184  train 0.661040  validation 0.628208
    iter 185  train 0.660744  validation 0.627735
    iter 186  train 0.660676  validation 0.627582
    iter 187  train 0.660599  validation 0.627677
    iter 188  train 0.660207  validation 0.627147
    iter 189  train 0.660029  validation 0.626986
    iter 190  train 0.659895  validation 0.626880
    iter 191  train 0.659783  validation 0.626703
    iter 192  train 0.659619  validation 0.626167
    iter 193  train 0.659466  validation 0.625908
    iter 194  train 0.659382  validation 0.625770
    iter 195  train 0.658925  validation 0.625335
    iter 196  train 0.658673  validation 0.625242
    iter 197  train 0.658510  validation 0.625290
    iter 198  train 0.658384  validation 0.625194
    iter 199  train 0.658109  validation 0.625068
    iter 200  train 0.657858  validation 0.625275
    iter 201  train 0.657598  validation 0.625129
    iter 202  train 0.657474  validation 0.624984
    iter 203  train 0.657397  validation 0.624849
    iter 204  train 0.657298  validation 0.624599
    iter 205  train 0.657118  validation 0.624141
    iter 206  train 0.657115  validation 0.623571
    iter 207  train 0.656816  validation 0.623438
    iter 208  train 0.656667  validation 0.623433
    iter 209  train 0.656470  validation 0.623646
    iter 210  train 0.656371  validation 0.623724
    iter 211  train 0.656166  validation 0.623822
    iter 212  train 0.656028  validation 0.623854
    iter 213  train 0.655908  validation 0.623737
    iter 214  train 0.655831  validation 0.623981
    iter 215  train 0.655704  validation 0.623676
    iter 216  train 0.655568  validation 0.623394
    iter 217  train 0.655486  validation 0.623264
    iter 218  train 0.655310  validation 0.623020
    iter 219  train 0.655224  validation 0.623257
    iter 220  train 0.654917  validation 0.622783
    iter 221  train 0.654744  validation 0.622590
    iter 222  train 0.654656  validation 0.622531
    iter 223  train 0.654644  validation 0.622791
    iter 224  train 0.654586  validation 0.622674
    iter 225  train 0.654546  validation 0.622650
    iter 226  train 0.654492  validation 0.622696
    iter 227  train 0.654446  validation 0.622748
    iter 228  train 0.654401  validation 0.622666
    iter 229  train 0.654323  validation 0.622650
    iter 230  train 0.654208  validation 0.622457
    iter 231  train 0.654127  validation 0.622278
    iter 232  train 0.654006  validation 0.621870
    iter 233  train 0.653848  validation 0.622232
    iter 234  train 0.653649  validation 0.621903
    iter 235  train 0.653410  validation 0.621600
    iter 236  train 0.653228  validation 0.621633
    iter 237  train 0.653106  validation 0.621632
    iter 238  train 0.652847  validation 0.621178
    iter 239  train 0.652681  validation 0.620809
    iter 240  train 0.652448  validation 0.620390
    iter 241  train 0.652178  validation 0.620153
    iter 242  train 0.652036  validation 0.620131
    iter 243  train 0.651911  validation 0.620186
    iter 244  train 0.651831  validation 0.620340
    iter 245  train 0.651733  validation 0.620578
    iter 246  train 0.651642  validation 0.620613
    iter 247  train 0.651572  validation 0.620543
    iter 248  train 0.651470  validation 0.620425
    iter 249  train 0.651363  validation 0.620234
    iter 250  train 0.651228  validation 0.620174
    iter 251  train 0.651127  validation 0.620142
    iter 252  train 0.650876  validation 0.620359
    iter 253  train 0.650757  validation 0.620410
    iter 254  train 0.650650  validation 0.620375
    iter 255  train 0.650546  validation 0.620389
    iter 256  train 0.650421  validation 0.620167
    iter 257  train 0.650185  validation 0.619651
    iter 258  train 0.650070  validation 0.619219
    iter 259  train 0.649907  validation 0.618982
    iter 260  train 0.649777  validation 0.618829
    iter 261  train 0.649720  validation 0.618870
    iter 262  train 0.649575  validation 0.619015
    iter 263  train 0.649416  validation 0.619372
    iter 264  train 0.649168  validation 0.619393
    iter 265  train 0.648915  validation 0.619321
    iter 266  train 0.648781  validation 0.619164
    iter 267  train 0.648558  validation 0.618910
    iter 268  train 0.648448  validation 0.618663
    iter 269  train 0.648354  validation 0.618361
    iter 270  train 0.648278  validation 0.618097
    iter 271  train 0.648207  validation 0.618250
    iter 272  train 0.648020  validation 0.617799
    iter 273  train 0.647899  validation 0.617725
    iter 274  train 0.647849  validation 0.617870
    iter 275  train 0.647750  validation 0.617864
    iter 276  train 0.647502  validation 0.618002
    iter 277  train 0.647138  validation 0.617852
    iter 278  train 0.646990  validation 0.617820
    iter 279  train 0.646837  validation 0.617471
    iter 280  train 0.646774  validation 0.617303
    iter 281  train 0.646695  validation 0.617048
    iter 282  train 0.646588  validation 0.616786
    iter 283  train 0.646471  validation 0.616440
    iter 284  train 0.646415  validation 0.616341
    iter 285  train 0.646334  validation 0.616231
    iter 286  train 0.646261  validation 0.616193
    iter 287  train 0.646176  validation 0.616126
    iter 288  train 0.646049  validation 0.616073
    iter 289  train 0.646000  validation 0.615898
    iter 290  train 0.645898  validation 0.615858
    iter 291  train 0.645854  validation 0.615824
    iter 292  train 0.645815  validation 0.615814
    iter 293  train 0.645757  validation 0.615870
    iter 294  train 0.645656  validation 0.615834
    iter 295  train 0.645491  validation 0.616156
    iter 296  train 0.645263  validation 0.616055
    iter 297  train 0.644892  validation 0.615900
    iter 298  train 0.644721  validation 0.615625
    iter 299  train 0.644539  validation 0.615237
    iter 300  train 0.644431  validation 0.614957
    iter 301  train 0.644326  validation 0.614655
    iter 302  train 0.644243  validation 0.614593
    iter 303  train 0.644127  validation 0.614287
    iter 304  train 0.644084  validation 0.614379
    iter 305  train 0.644003  validation 0.614533
    iter 306  train 0.643900  validation 0.614705
    iter 307  train 0.643660  validation 0.614528
    iter 308  train 0.643531  validation 0.615506
    iter 309  train 0.643067  validation 0.614108
    iter 310  train 0.642934  validation 0.613828
    iter 311  train 0.642752  validation 0.613410
    iter 312  train 0.642525  validation 0.613516
    iter 313  train 0.642240  validation 0.613429
    iter 314  train 0.642068  validation 0.613682
    iter 315  train 0.642048  validation 0.613818
    iter 316  train 0.641961  validation 0.613762
    iter 317  train 0.641870  validation 0.613701
    iter 318  train 0.641761  validation 0.613589
    iter 319  train 0.641645  validation 0.613344
    iter 320  train 0.641402  validation 0.613026
    iter 321  train 0.641213  validation 0.612613
    iter 322  train 0.641160  validation 0.612540
    iter 323  train 0.641058  validation 0.612620
    iter 324  train 0.640859  validation 0.612564
    iter 325  train 0.640816  validation 0.612610
    iter 326  train 0.640624  validation 0.612538
    iter 327  train 0.640321  validation 0.612322
    iter 328  train 0.640021  validation 0.612098
    iter 329  train 0.639976  validation 0.611923
    iter 330  train 0.639794  validation 0.611668
    iter 331  train 0.639723  validation 0.611484
    iter 332  train 0.639665  validation 0.611325
    iter 333  train 0.639580  validation 0.611116
    iter 334  train 0.639533  validation 0.611036
    iter 335  train 0.639457  validation 0.610956
    iter 336  train 0.639414  validation 0.610990
    iter 337  train 0.639386  validation 0.611044
    iter 338  train 0.639323  validation 0.611054
    iter 339  train 0.639192  validation 0.611107
    iter 340  train 0.639002  validation 0.610862
    iter 341  train 0.638757  validation 0.610487
    iter 342  train 0.638564  validation 0.610027
    iter 343  train 0.638513  validation 0.610071
    iter 344  train 0.638439  validation 0.610023
    iter 345  train 0.638311  validation 0.610074
    iter 346  train 0.638218  validation 0.610237
    iter 347  train 0.638150  validation 0.610373
    iter 348  train 0.638047  validation 0.610422
    iter 349  train 0.638008  validation 0.610446
    iter 350  train 0.637767  validation 0.610362
    iter 351  train 0.637566  validation 0.610025
    iter 352  train 0.637338  validation 0.609455
    iter 353  train 0.637167  validation 0.608875
    iter 354  train 0.637065  validation 0.608403
    iter 355  train 0.636864  validation 0.608368
    iter 356  train 0.636721  validation 0.608452
    iter 357  train 0.636622  validation 0.608576
    iter 358  train 0.636548  validation 0.608790
    iter 359  train 0.636403  validation 0.608884
    iter 360  train 0.636292  validation 0.608957
    iter 361  train 0.636233  validation 0.608970
    iter 362  train 0.636042  validation 0.608790
    iter 363  train 0.635981  validation 0.608802
    iter 364  train 0.635817  validation 0.608574
    iter 365  train 0.635792  validation 0.608486
    iter 366  train 0.635752  validation 0.608345
    iter 367  train 0.635702  validation 0.608188
    iter 368  train 0.635602  validation 0.608005
    iter 369  train 0.635482  validation 0.607687
    iter 370  train 0.635382  validation 0.607673
    iter 371  train 0.635376  validation 0.607893
    iter 372  train 0.635216  validation 0.607880
    iter 373  train 0.635156  validation 0.607945
    iter 374  train 0.634966  validation 0.608234
    iter 375  train 0.634843  validation 0.608359
    iter 376  train 0.634759  validation 0.608469
    iter 377  train 0.634626  validation 0.608280
    iter 378  train 0.634441  validation 0.607867
    iter 379  train 0.634255  validation 0.607419
    iter 380  train 0.634093  validation 0.607121
    iter 381  train 0.634052  validation 0.606961
    iter 382  train 0.634016  validation 0.606963
    iter 383  train 0.633988  validation 0.607009
    iter 384  train 0.633932  validation 0.607113
    iter 385  train 0.633930  validation 0.607464
    iter 386  train 0.633773  validation 0.607336
    iter 387  train 0.633682  validation 0.607285
    iter 388  train 0.633597  validation 0.607262
    iter 389  train 0.633540  validation 0.607235
    iter 390  train 0.633482  validation 0.607139
    iter 391  train 0.633357  validation 0.607030
    iter 392  train 0.633184  validation 0.606808
    iter 393  train 0.633067  validation 0.606749
    iter 394  train 0.632940  validation 0.606793
    iter 395  train 0.632762  validation 0.606877
    iter 396  train 0.632703  validation 0.607140
    iter 397  train 0.632609  validation 0.606868
    iter 398  train 0.632550  validation 0.606723
    iter 399  train 0.632521  validation 0.606613
    iter 400  train 0.632405  validation 0.606486
    iter 401  train 0.632196  validation 0.606382
    iter 402  train 0.632077  validation 0.606545
    iter 403  train 0.632053  validation 0.606808
    iter 404  train 0.631989  validation 0.606657
    iter 405  train 0.631977  validation 0.606663
    iter 406  train 0.631942  validation 0.606696
    iter 407  train 0.631875  validation 0.606764
    iter 408  train 0.631741  validation 0.606843
    iter 409  train 0.631427  validation 0.607121
    iter 410  train 0.631195  validation 0.607491
    iter 411  train 0.630798  validation 0.607297
    iter 412  train 0.630465  validation 0.606874
    iter 413  train 0.630247  validation 0.606688
    iter 414  train 0.630105  validation 0.606475
    iter 415  train 0.629982  validation 0.606482
    iter 416  train 0.629920  validation 0.606563
    iter 417  train 0.629855  validation 0.606927
    iter 418  train 0.629712  validation 0.606983
    iter 419  train 0.629687  validation 0.606876
    iter 420  train 0.629489  validation 0.606402
    iter 421  train 0.629449  validation 0.606500
  H2 lambda 0.001
    iter   1  train 0.791300  validation 0.764064
    iter   2  train 0.789611  validation 0.762727
    iter   3  train 0.789380  validation 0.762358
    iter   4  train 0.788959  validation 0.761658
    iter   5  train 0.787904  validation 0.759837
    iter   6  train 0.786415  validation 0.757280
    iter   7  train 0.785832  validation 0.755279
    iter   8  train 0.782992  validation 0.752180
    iter   9  train 0.780882  validation 0.750258
    iter  10  train 0.778017  validation 0.747753
    iter  11  train 0.774170  validation 0.744287
    iter  12  train 0.767360  validation 0.737709
    iter  13  train 0.765921  validation 0.736224
    iter  14  train 0.758817  validation 0.728801
    iter  15  train 0.756619  validation 0.725910
    iter  16  train 0.754701  validation 0.722668
    iter  17  train 0.753222  validation 0.719805
    iter  18  train 0.751164  validation 0.717055
    iter  19  train 0.748541  validation 0.713635
    iter  20  train 0.746442  validation 0.711725
  H2 lambda 0.01
    iter   1  train 0.791345  validation 0.764064
    iter   2  train 0.789741  validation 0.762712
    iter   3  train 0.789503  validation 0.762349
    iter   4  train 0.789179  validation 0.761811
    iter   5  train 0.788194  validation 0.760061
    iter   6  train 0.786905  validation 0.757687
    iter   7  train 0.786154  validation 0.755319
    iter   8  train 0.783850  validation 0.752416
    iter   9  train 0.782064  validation 0.750429
    iter  10  train 0.779989  validation 0.747943
    iter  11  train 0.777387  validation 0.744392
    iter  12  train 0.773339  validation 0.737678
    iter  13  train 0.772845  validation 0.735913
    iter  14  train 0.771057  validation 0.733912
    iter  15  train 0.770358  validation 0.732886
    iter  16  train 0.769243  validation 0.730316
    iter  17  train 0.768930  validation 0.729435
    iter  18  train 0.768391  validation 0.728348
    iter  19  train 0.767110  validation 0.725571
    iter  20  train 0.766055  validation 0.723358
  H2 lambda 0.1
    iter   1  train 0.791798  validation 0.764064
    iter   2  train 0.790819  validation 0.762741
    iter   3  train 0.790418  validation 0.762471
    iter   4  train 0.790319  validation 0.762301
    iter   5  train 0.789334  validation 0.759850
    iter   6  train 0.789235  validation 0.758855
    iter   7  train 0.788835  validation 0.758053
    iter   8  train 0.788664  validation 0.757637
    iter   9  train 0.788457  validation 0.757111
    iter  10  train 0.788194  validation 0.756488
    iter  11  train 0.787953  validation 0.756027
    iter  12  train 0.787912  validation 0.756054
    iter  13  train 0.787887  validation 0.756016
    iter  14  train 0.787844  validation 0.755852
    iter  15  train 0.787783  validation 0.755548
    iter  16  train 0.787759  validation 0.755244
    iter  17  train 0.787661  validation 0.754928
    iter  18  train 0.787602  validation 0.754704
    iter  19  train 0.787512  validation 0.754348
    iter  20  train 0.787413  validation 0.753865
  H2: validation 0.606382 at lambda 0.0001
  choice: probability sd 0.3229 on validation, temperature 4.0144
bool: 0 training and 0 validation records; the head stays the identity
score: 0 training and 0 validation records; the head stays the identity
