=== tev1:4b start 16:47
tev1:4b general/confirm: 2500 items, 2500 to ask
  250/2500
  500/2500
  750/2500
  1000/2500
  1250/2500
  1500/2500
  1750/2500
  2000/2500
  2250/2500
  2500/2500
tev1:4b stance/confirm: 1780 items, 1780 to ask
  250/1780
  500/1780
  750/1780
  1000/1780
  1250/1780
  1500/1780
  1750/1780
tev1:4b general/final: 7879 items, 7879 to ask
  250/7879
  500/7879
  750/7879
  1000/7879
  1250/7879
  1500/7879
  1750/7879
  2000/7879
  2250/7879
  2500/7879
  2750/7879
  3000/7879
  3250/7879
  3500/7879
  3750/7879
  4000/7879
  4250/7879
  4500/7879
  4750/7879
  5000/7879
  5250/7879
  5500/7879
  5750/7879
  6000/7879
  6250/7879
  6500/7879
  6750/7879
  7000/7879
  7250/7879
  7500/7879
  7750/7879
tev1:4b stance/final: 1343 items, 1343 to ask
  250/1343
  500/1343
  750/1343
  1000/1343
  1250/1343
tev1:4b general/bench: 2231 items, 2231 to ask
  250/2231
  500/2231
  750/2231
  1000/2231
  1250/2231
  1500/2231
  1750/2231
  2000/2231
tev1:4b general/final-flagged: 1000 items, 1000 to ask
  250/1000
  500/1000
  750/1000
  1000/1000
tev1:4b stance/final-flagged: 749 items, 749 to ask
  250/749
  500/749
=== tev1:4b done 18:29
=== tev1:0.8b start 18:29
tev1:0.8b general/confirm: 2500 items, 2500 to ask
  250/2500
  500/2500
  750/2500
  1000/2500
  1250/2500
  1500/2500
  1750/2500
  2000/2500
  2250/2500
  2500/2500
tev1:0.8b stance/confirm: 1780 items, 1780 to ask
  250/1780
  500/1780
  750/1780
  1000/1780
  1250/1780
  1500/1780
  1750/1780
tev1:0.8b general/final: 7879 items, 7879 to ask
  250/7879
  500/7879
  750/7879
  1000/7879
  1250/7879
  1500/7879
  1750/7879
  2000/7879
  2250/7879
  2500/7879
  2750/7879
  3000/7879
  3250/7879
  3500/7879
  3750/7879
  4000/7879
  4250/7879
  4500/7879
  4750/7879
  5000/7879
  5250/7879
  5500/7879
  5750/7879
  6000/7879
  6250/7879
  6500/7879
  6750/7879
  7000/7879
  7250/7879
  7500/7879
  7750/7879
tev1:0.8b stance/final: 1343 items, 1343 to ask
  250/1343
  500/1343
  750/1343
  1000/1343
  1250/1343
tev1:0.8b general/bench: 2231 items, 2231 to ask
  250/2231
  500/2231
  750/2231
  1000/2231
  1250/2231
  1500/2231
  1750/2231
  2000/2231
tev1:0.8b general/final-flagged: 1000 items, 1000 to ask
  250/1000
  500/1000
  750/1000
  1000/1000
tev1:0.8b stance/final-flagged: 749 items, 749 to ask
  250/749
  500/749
=== tev1:0.8b done 18:56
=== nimble:9b start 18:56
nimble:9b general/confirm: 2500 items, 2500 to ask
  250/2500
  500/2500
  750/2500
  1000/2500
  1250/2500
  1500/2500
  1750/2500
  2000/2500
  2250/2500
  2500/2500
nimble:9b stance/confirm: 1780 items, 1780 to ask
  250/1780
  500/1780
  750/1780
  1000/1780
  1250/1780
  1500/1780
  1750/1780
nimble:9b general/final: 7879 items, 7879 to ask
  250/7879
  500/7879
  750/7879
  1000/7879
  1250/7879
  1500/7879
  1750/7879
  2000/7879
  2250/7879
  2500/7879
  2750/7879
  3000/7879
  3250/7879
  3500/7879
  3750/7879
  4000/7879
  4250/7879
  4500/7879
  4750/7879
  5000/7879
  5250/7879
  5500/7879
  5750/7879
  6000/7879
  6250/7879
  6500/7879
  6750/7879
  7000/7879
  7250/7879
  7500/7879
  7750/7879
nimble:9b stance/final: 1343 items, 1343 to ask
  250/1343
  500/1343
  750/1343
  1000/1343
  1250/1343
nimble:9b general/bench: 2231 items, 2231 to ask
  250/2231
  500/2231
  750/2231
  1000/2231
  1250/2231
  1500/2231
  1750/2231
  2000/2231
nimble:9b general/final-flagged: 1000 items, 1000 to ask
  250/1000
  500/1000
  750/1000
  1000/1000
nimble:9b stance/final-flagged: 749 items, 749 to ask
  250/749
  500/749
=== nimble:9b done 21:57
=== all done 21:57
